[meets] absence-2013-05-13.json :: The pattern your audience sees whole, you assembled one piece at a time
[meets] amonkhet-talking-part-2-2017-05-01.json :: Check the whole prior population at the same specification first
[brief was] being-inspired-part-1-2014-02-07.json :: A concept-led project still needs a mechanical hook chosen before it begins
[meets] common-knowledge-2011-04-18.json :: The newcomer's collection is mostly one tier, which is what makes rarity an onboarding instrument
[meets] deaths-door-part-1-2020-01-02.json :: Keep someone who hasn't been trained by the history
[meets] eldraine-or-shine-2019-09-09.json :: Design on what the audience already carries
[gimmick] essay-what-2010-11-08.json :: Integration means a unified world, not a pile of cross-references
[meets] fate-ful-stories-part-2-2015-01-19.json :: One item at the highest-frequency tier outweighs many below it
[meets] future-sight-design-handoff-document-2021-05-17.json :: Align your vocabulary with what the next project has already committed to
[brief was] hero-complex-2013-10-18.json :: When a payoff caps its own density, add an enabler that serves several copies at once
[meets] human-history-2020-03-30.json :: Pre-sell to your most receptive listener and make them co-author the pitch
[meets] imagine-dragons-part-1-2015-03-02.json :: The bridging instalment bounds how far the outer ones can diverge
[fresh blood] investment-part-1-2012-09-03.json :: Keep a rotating seat with deliberately low expectations
[meets] march-of-the-machine-vision-design-handoff-document-part-1.json :: Rarity is an emotional axis, not only a power one
[meets] more-city-talk-2019-01-21.json :: Rarity is where you can afford the complexity
[meets] my-day-2014-05-12.json :: Contrast is only available to someone holding both — test the variant in isolation
[gimmick] nostalgia-vs-innovation-2012-10-15.json :: Yesterday's innovation becomes today's expectation
[meets] nuts-bolts-evaluation-2017-02-20.json :: The excellent thing in the wrong context is worse than nothing
[meets] odds-and-ends-kaladesh-part-1-2016-10-10.json :: Split a long project by phase and hand the reins at the boundary
[meets] pie-fights-2016-11-14.json :: A serious account of an opposing view names the real need it meets
[meets] piggybacking-2012-08-20.json :: The success signal is the listener saying "Oh"
[gimmick] prose-and-khans-part-2-2014-09-22.json :: A callback isn't worth a worse component
[different vantage] revolting-development-and-design-part-1-2017-01-02.json :: Recruit the different vantage point, then let it be their contribution
[meets] singing-eldraine-2019-09-16.json :: Pick the name with the fewer entanglements
[meets] smart-thinking-2014-11-03.json :: A provisioning system that meets only the countable needs is judged on the ones it didn't count
[act two] solemn-oath-part-2-2016-01-04.json :: Abstract two incompatible resources up one level to find the shared handle
[gimmick] species-origins-part-2-2015-06-29.json :: Bind the parts to the theme through several small independent channels, not one
[gimmick] state-design-2012-2012-08-27.json :: Break the taboo when it serves a purpose, and judge it by whether it survives play
[meets] state-of-design-2024.json :: Worldbuilding you don't publish doesn't exist
[brief was] storming-gatecrash-part-2-2013-01-28.json :: Build the counter-tool before you need it, and make the hosing quiet
[meets] top-of-the-duskmourning-part-2.json :: Let the people who own the tone do the naming
[different vantage] topical-blend-4-part-2-2012-03-09.json :: Parallel design: two people, two routes, one card
[meets] twinkle-twinkle-little-star-2014-04-28.json :: What you hold back must be both wanted and already compatible
[meets] two-truths-and-lie-2014-06-02-0.json :: Where people combine factions, judge each faction's feature by how it interacts with the others
[gimmick] un-seen-2013-08-12.json :: A cancelled project becomes a component library you draw on for a decade
[gimmick] unstable-scraps-part-2-2017-12-04.json :: Remake past successes with one thing changed
[different vantage] waging-war-spark-part-2-2019-04-08.json :: Staff for a different vantage point
[meets] wait-theres-core-2020-06-15.json :: Advocacy that never wins can still make the eventual change costless
[meets] working-your-core-2013-07-08.json :: Do not subdivide an effect that appears too rarely to establish the distinction
